Archive member included to satisfy reference by file (symbol)

/Users/clfilho/projects/Simplicity Studio 04-19/Simplicity Studio.app/Contents/Eclipse/developer/sdks/gecko_sdk_suite/v2.6//platform/bootloader/build/lib//libparser_efr32xg21_gcc.a(btl_ebl_parser.o)
                              ./ezsp-spi/btl_ezsp_spi.o (parser_init)
/Users/clfilho/projects/Simplicity Studio 04-19/Simplicity Studio.app/Contents/Eclipse/developer/sdks/gecko_sdk_suite/v2.6//platform/bootloader/build/lib//libbootloader_efr32xg21_gcc.a(btl_bootload.o)
                              ./ezsp-spi/btl_ezsp_spi.o (bootload_applicationCallback)
/Users/clfilho/projects/Simplicity Studio 04-19/Simplicity Studio.app/Contents/Eclipse/developer/sdks/gecko_sdk_suite/v2.6//platform/bootloader/build/lib//libbootloader_efr32xg21_gcc.a(btl_parse.o)
                              ./core/btl_main.o (core_initParser)
/Users/clfilho/projects/Simplicity Studio 04-19/Simplicity Studio.app/Contents/Eclipse/developer/sdks/gecko_sdk_suite/v2.6//platform/bootloader/build/lib//libbootloader_efr32xg21_gcc.a(btl_reset.o)
                              ./core/btl_main.o (reset_setResetReason)
/Users/clfilho/projects/Simplicity Studio 04-19/Simplicity Studio.app/Contents/Eclipse/developer/sdks/gecko_sdk_suite/v2.6//platform/bootloader/build/lib//libbootloader_efr32xg21_gcc.a(btl_internal_flash.o)
                              /Users/clfilho/projects/Simplicity Studio 04-19/Simplicity Studio.app/Contents/Eclipse/developer/sdks/gecko_sdk_suite/v2.6//platform/bootloader/build/lib//libbootloader_efr32xg21_gcc.a(btl_bootload.o) (flash_erasePage)
/Users/clfilho/projects/Simplicity Studio 04-19/Simplicity Studio.app/Contents/Eclipse/developer/toolchains/gnu_arm/7.2_2017q4/bin/../lib/gcc/arm-none-eabi/7.2.1/thumb/v8-m.main/fpv5-sp/softfp/libgcc.a(_aeabi_ldivmod.o)
                              ./emlib/em_usart.o (__aeabi_ldivmod)
/Users/clfilho/projects/Simplicity Studio 04-19/Simplicity Studio.app/Contents/Eclipse/developer/toolchains/gnu_arm/7.2_2017q4/bin/../lib/gcc/arm-none-eabi/7.2.1/thumb/v8-m.main/fpv5-sp/softfp/libgcc.a(_aeabi_uldivmod.o)
                              ./emlib/em_usart.o (__aeabi_uldivmod)
/Users/clfilho/projects/Simplicity Studio 04-19/Simplicity Studio.app/Contents/Eclipse/developer/toolchains/gnu_arm/7.2_2017q4/bin/../lib/gcc/arm-none-eabi/7.2.1/thumb/v8-m.main/fpv5-sp/softfp/libgcc.a(_udivmoddi4.o)
                              /Users/clfilho/projects/Simplicity Studio 04-19/Simplicity Studio.app/Contents/Eclipse/developer/toolchains/gnu_arm/7.2_2017q4/bin/../lib/gcc/arm-none-eabi/7.2.1/thumb/v8-m.main/fpv5-sp/softfp/libgcc.a(_aeabi_ldivmod.o) (__udivmoddi4)
/Users/clfilho/projects/Simplicity Studio 04-19/Simplicity Studio.app/Contents/Eclipse/developer/toolchains/gnu_arm/7.2_2017q4/bin/../lib/gcc/arm-none-eabi/7.2.1/thumb/v8-m.main/fpv5-sp/softfp/libgcc.a(_dvmd_tls.o)
                              /Users/clfilho/projects/Simplicity Studio 04-19/Simplicity Studio.app/Contents/Eclipse/developer/toolchains/gnu_arm/7.2_2017q4/bin/../lib/gcc/arm-none-eabi/7.2.1/thumb/v8-m.main/fpv5-sp/softfp/libgcc.a(_aeabi_ldivmod.o) (__aeabi_ldiv0)
/Users/clfilho/projects/Simplicity Studio 04-19/Simplicity Studio.app/Contents/Eclipse/developer/toolchains/gnu_arm/7.2_2017q4/bin/../lib/gcc/arm-none-eabi/7.2.1/../../../../arm-none-eabi/lib/thumb/v8-m.main/fpv5-sp/softfp/libc_nano.a(lib_a-exit.o)
                              /Users/clfilho/projects/Simplicity Studio 04-19/Simplicity Studio.app/Contents/Eclipse/developer/toolchains/gnu_arm/7.2_2017q4/bin/../lib/gcc/arm-none-eabi/7.2.1/../../../../arm-none-eabi/lib/thumb/v8-m.main/fpv5-sp/softfp/crt0.o (exit)
/Users/clfilho/projects/Simplicity Studio 04-19/Simplicity Studio.app/Contents/Eclipse/developer/toolchains/gnu_arm/7.2_2017q4/bin/../lib/gcc/arm-none-eabi/7.2.1/../../../../arm-none-eabi/lib/thumb/v8-m.main/fpv5-sp/softfp/libc_nano.a(lib_a-impure.o)
                              /Users/clfilho/projects/Simplicity Studio 04-19/Simplicity Studio.app/Contents/Eclipse/developer/toolchains/gnu_arm/7.2_2017q4/bin/../lib/gcc/arm-none-eabi/7.2.1/../../../../arm-none-eabi/lib/thumb/v8-m.main/fpv5-sp/softfp/libc_nano.a(lib_a-exit.o) (_global_impure_ptr)
/Users/clfilho/projects/Simplicity Studio 04-19/Simplicity Studio.app/Contents/Eclipse/developer/toolchains/gnu_arm/7.2_2017q4/bin/../lib/gcc/arm-none-eabi/7.2.1/../../../../arm-none-eabi/lib/thumb/v8-m.main/fpv5-sp/softfp/libc_nano.a(lib_a-init.o)
                              /Users/clfilho/projects/Simplicity Studio 04-19/Simplicity Studio.app/Contents/Eclipse/developer/toolchains/gnu_arm/7.2_2017q4/bin/../lib/gcc/arm-none-eabi/7.2.1/../../../../arm-none-eabi/lib/thumb/v8-m.main/fpv5-sp/softfp/crt0.o (__libc_init_array)
/Users/clfilho/projects/Simplicity Studio 04-19/Simplicity Studio.app/Contents/Eclipse/developer/toolchains/gnu_arm/7.2_2017q4/bin/../lib/gcc/arm-none-eabi/7.2.1/../../../../arm-none-eabi/lib/thumb/v8-m.main/fpv5-sp/softfp/libc_nano.a(lib_a-memcmp.o)
[...]
Memory Configuration

Name             Origin             Length             Attributes
FLASH            0x0000000000000000 0x0000000000004000 xr
RAM              0x0000000020000000 0x0000000000008000 xrw
*default*        0x0000000000000000 0xffffffffffffffff

Linker script and memory map

LOAD /Users/clfilho/projects/Simplicity Studio 04-19/Simplicity Studio.app/Contents/Eclipse/developer/toolchains/gnu_arm/7.2_2017q4/bin/../lib/gcc/arm-none-eabi/7.2.1/thumb/v8-m.main/fpv5-sp/softfp/crti.o
LOAD /Users/clfilho/projects/Simplicity Studio 04-19/Simplicity Studio.app/Contents/Eclipse/developer/toolchains/gnu_arm/7.2_2017q4/bin/../lib/gcc/arm-none-eabi/7.2.1/thumb/v8-m.main/fpv5-sp/softfp/crtbegin.o
LOAD /Users/clfilho/projects/Simplicity Studio 04-19/Simplicity Studio.app/Contents/Eclipse/developer/toolchains/gnu_arm/7.2_2017q4/bin/../lib/gcc/arm-none-eabi/7.2.1/../../../../arm-none-eabi/lib/thumb/v8-m.main/fpv5-sp/softfp/crt0.o
START GROUP
LOAD ./CMSIS/system_efr32mg21.o
LOAD ./bootloader-callback-stubs.o
LOAD ./bootloader-callbacks.o
LOAD ./core/EFR32/gcc/main_btl_startup.o
LOAD ./core/btl_core.o
LOAD ./core/btl_driver_util.o
LOAD ./core/btl_main.o
LOAD ./crc/btl_crc16.o
LOAD ./crc/btl_crc32.o
LOAD ./crypto/btl_security_aes.o
LOAD ./crypto/btl_security_ecdsa.o
LOAD ./crypto/btl_security_sha256.o
LOAD ./crypto/ecc.o
LOAD ./delay-driver/btl_driver_delay.o
LOAD ./emlib/em_assert.o
LOAD ./emlib/em_cmu.o
LOAD ./emlib/em_core.o
LOAD ./emlib/em_crypto.o
LOAD ./emlib/em_emu.o
LOAD ./emlib/em_gpio.o
LOAD ./emlib/em_msc.o
LOAD ./emlib/em_rmu.o
LOAD ./emlib/em_se.o
LOAD ./emlib/em_system.o
LOAD ./emlib/em_timer.o
LOAD ./emlib/em_usart.o
LOAD ./emlib/em_wdog.o
LOAD ./ezsp-spi/btl_ezsp_spi.o
LOAD ./gpio-activation/btl_gpio_activation.o
LOAD ./mbedtls/crypto_aes.o
LOAD ./mbedtls/crypto_management.o
LOAD ./mbedtls/crypto_sha.o
LOAD ./mbedtls/cryptoacc_aes.o
LOAD ./mbedtls/cryptoacc_management.o
LOAD ./mbedtls/cryptoacc_sha.o
LOAD ./mbedtls/se_aes.o
LOAD ./mbedtls/se_management.o
LOAD ./mbedtls/se_sha.o
LOAD ./mbedtls/shax.o
LOAD ./parser/btl_gbl_custom_tags.o
LOAD ./parser/btl_image_parser.o
LOAD ./spislave-driver/btl_driver_spislave.o
LOAD ./token-management/btl_security_tokens.o
LOAD ./xmodem-parser/btl_xmodem.o
LOAD /Users/clfilho/projects/Simplicity Studio 04-19/Simplicity Studio.app/Contents/Eclipse/developer/toolchains/gnu_arm/7.2_2017q4/bin/../lib/gcc/arm-none-eabi/7.2.1/../../../../arm-none-eabi/lib/thumb/v8-m.main/fpv5-sp/softfp/libnosys.a
LOAD /Users/clfilho/projects/Simplicity Studio 04-19/Simplicity Studio.app/Contents/Eclipse/developer/sdks/gecko_sdk_suite/v2.6//platform/bootloader/build/lib//libparser_efr32xg21_gcc.a
LOAD /Users/clfilho/projects/Simplicity Studio 04-19/Simplicity Studio.app/Contents/Eclipse/developer/sdks/gecko_sdk_suite/v2.6//platform/bootloader/build/lib//libbootloader_efr32xg21_gcc.a
END GROUP
START GROUP
LOAD /Users/clfilho/projects/Simplicity Studio 04-19/Simplicity Studio.app/Contents/Eclipse/developer/toolchains/gnu_arm/7.2_2017q4/bin/../lib/gcc/arm-none-eabi/7.2.1/thumb/v8-m.main/fpv5-sp/softfp/libgcc.a
LOAD /Users/clfilho/projects/Simplicity Studio 04-19/Simplicity Studio.app/Contents/Eclipse/developer/toolchains/gnu_arm/7.2_2017q4/bin/../lib/gcc/arm-none-eabi/7.2.1/../../../../arm-none-eabi/lib/thumb/v8-m.main/fpv5-sp/softfp/libc_nano.a
LOAD /Users/clfilho/projects/Simplicity Studio 04-19/Simplicity Studio.app/Contents/Eclipse/developer/toolchains/gnu_arm/7.2_2017q4/bin/../lib/gcc/arm-none-eabi/7.2.1/../../../../arm-none-eabi/lib/thumb/v8-m.main/fpv5-sp/softfp/libnosys.a
END GROUP
START GROUP
LOAD /Users/clfilho/projects/Simplicity Studio 04-19/Simplicity Studio.app/Contents/Eclipse/developer/toolchains/gnu_arm/7.2_2017q4/bin/../lib/gcc/arm-none-eabi/7.2.1/thumb/v8-m.main/fpv5-sp/softfp/libgcc.a
LOAD /Users/clfilho/projects/Simplicity Studio 04-19/Simplicity Studio.app/Contents/Eclipse/developer/toolchains/gnu_arm/7.2_2017q4/bin/../lib/gcc/arm-none-eabi/7.2.1/../../../../arm-none-eabi/lib/thumb/v8-m.main/fpv5-sp/softfp/libg_nano.a
LOAD /Users/clfilho/projects/Simplicity Studio 04-19/Simplicity Studio.app/Contents/Eclipse/developer/toolchains/gnu_arm/7.2_2017q4/bin/../lib/gcc/arm-none-eabi/7.2.1/../../../../arm-none-eabi/lib/thumb/v8-m.main/fpv5-sp/softfp/libc_nano.a
END GROUP
START GROUP
LOAD /Users/clfilho/projects/Simplicity Studio 04-19/Simplicity Studio.app/Contents/Eclipse/developer/toolchains/gnu_arm/7.2_2017q4/bin/../lib/gcc/arm-none-eabi/7.2.1/thumb/v8-m.main/fpv5-sp/softfp/libgcc.a
LOAD /Users/clfilho/projects/Simplicity Studio 04-19/Simplicity Studio.app/Contents/Eclipse/developer/toolchains/gnu_arm/7.2_2017q4/bin/../lib/gcc/arm-none-eabi/7.2.1/../../../../arm-none-eabi/lib/thumb/v8-m.main/fpv5-sp/softfp/libc_nano.a
END GROUP
LOAD /Users/clfilho/projects/Simplicity Studio 04-19/Simplicity Studio.app/Contents/Eclipse/developer/toolchains/gnu_arm/7.2_2017q4/bin/../lib/gcc/arm-none-eabi/7.2.1/thumb/v8-m.main/fpv5-sp/softfp/crtend.o
LOAD /Users/clfilho/projects/Simplicity Studio 04-19/Simplicity Studio.app/Contents/Eclipse/developer/toolchains/gnu_arm/7.2_2017q4/bin/../lib/gcc/arm-none-eabi/7.2.1/thumb/v8-m.main/fpv5-sp/softfp/crtn.o

.text           0x0000000000000000     0x29cc
 *(.vectors)
 .vectors       0x0000000000000000       0x40 ./core/EFR32/gcc/main_btl_startup.o
                0x0000000000000000                __Vectors
                0x0000000000000040                __Vectors_End = .
                0x0000000000000040                __Vectors_Size = (__Vectors_End - __Vectors)
                0x0000000000000040                __end__ = .
 *(.text*)
 .text          0x0000000000000040       0x40 /Users/clfilho/projects/Simplicity Studio 04-19/Simplicity Studio.app/Contents/Eclipse/developer/toolchains/gnu_arm/7.2_2017q4/bin/../lib/gcc/arm-none-eabi/7.2.1/thumb/v8-m.main/fpv5-sp/softfp/crtbegin.o
 .text.SystemInit
                0x0000000000000080       0x1c ./CMSIS/system_efr32mg21.o
                0x0000000000000080                SystemInit
 .text.Default_Handler
                0x000000000000009c        0x2 ./core/EFR32/gcc/main_btl_startup.o
                0x000000000000009c                BusFault_Handler
                0x000000000000009c                SysTick_Handler
                0x000000000000009c                PendSV_Handler
                0x000000000000009c                NMI_Handler
                0x000000000000009c                UsageFault_Handler
                0x000000000000009c                Default_Handler
                0x000000000000009c                MemManage_Handler
                0x000000000000009c                SVC_Handler
                0x000000000000009c                DebugMon_Handler
 *fill*         0x000000000000009e        0x2 
 .text.Reset_Handler
                0x00000000000000a0       0x48 ./core/EFR32/gcc/main_btl_startup.o
                0x00000000000000a0                Reset_Handler
 .text.btl_init
                0x00000000000000e8        0x4 ./core/btl_core.o
                0x00000000000000e8                btl_init
 .text.btl_deinit
                0x00000000000000ec        0x4 ./core/btl_core.o
                0x00000000000000ec                btl_deinit
 .text.util_getClockFreq
                0x00000000000000f0       0x90 ./core/btl_driver_util.o
                0x00000000000000f0                util_getClockFreq
 .text.util_deinitUsart
                0x0000000000000180       0x18 ./core/btl_driver_util.o
                0x0000000000000180                util_deinitUsart
 .text.HardFault_Handler
                0x0000000000000198        0x8 ./core/btl_main.o
                0x0000000000000198                HardFault_Handler
 .text.startup.main
                0x00000000000001a0       0xd8 ./core/btl_main.o
                0x00000000000001a0                main
 .text.SystemInit2
                0x0000000000000278       0x7c ./core/btl_main.o
                0x0000000000000278                SystemInit2
 .text.bootloader_enforceSecureBoot
                0x00000000000002f4        0x4 ./core/btl_main.o
                0x00000000000002f4                bootloader_enforceSecureBoot
 .text.btl_crc16
                0x00000000000002f8       0x1e ./crc/btl_crc16.o
                0x00000000000002f8                btl_crc16
 .text.btl_crc16Stream
                0x0000000000000316       0x1a ./crc/btl_crc16.o
                0x0000000000000316                btl_crc16Stream
 .text.btl_crc32Stream
                0x0000000000000330       0x28 ./crc/btl_crc32.o
                0x0000000000000330                btl_crc32Stream
 .text.btl_initAesCcm
                0x0000000000000358       0x44 ./crypto/btl_security_aes.o
                0x0000000000000358                btl_initAesCcm
 .text.btl_processAesCtrData
                0x000000000000039c       0x22 ./crypto/btl_security_aes.o
                0x000000000000039c                btl_processAesCtrData
 *fill*         0x00000000000003be        0x2 
 .text.btl_verifyEcdsaP256r1
                0x00000000000003c0       0xd0 ./crypto/btl_security_ecdsa.o
                0x00000000000003c0                btl_verifyEcdsaP256r1
 .text.btl_initSha256
                0x0000000000000490       0x14 ./crypto/btl_security_sha256.o
                0x0000000000000490                btl_initSha256
 .text.btl_updateSha256
                0x00000000000004a4        0x4 ./crypto/btl_security_sha256.o
                0x00000000000004a4                btl_updateSha256
 .text.btl_finalizeSha256
                0x00000000000004a8        0x6 ./crypto/btl_security_sha256.o
                0x00000000000004a8                btl_finalizeSha256
 *fill*         0x00000000000004ae        0x2 
 .text.delay_microseconds
                0x00000000000004b0       0x2c ./delay-driver/btl_driver_delay.o
                0x00000000000004b0                delay_microseconds
 .text.delay_init
                0x00000000000004dc       0x40 ./delay-driver/btl_driver_delay.o
                0x00000000000004dc                delay_init
 .text.delay_milliseconds
                0x000000000000051c       0x48 ./delay-driver/btl_driver_delay.o
                0x000000000000051c                delay_milliseconds
 .text.delay_expired
                0x0000000000000564       0x38 ./delay-driver/btl_driver_delay.o
                0x0000000000000564                delay_expired
 .text.GPIO_PinModeSet
                0x000000000000059c       0x84 ./emlib/em_gpio.o
                0x000000000000059c                GPIO_PinModeSet
 .text.mscStatusWait
                0x0000000000000620       0x48 ./emlib/em_msc.o
                0x0000000000000620                mscStatusWait
 .text.writeBurst
                0x0000000000000668       0x54 ./emlib/em_msc.o
                0x0000000000000668                writeBurst
 .text.MSC_Init
                0x00000000000006bc       0x18 ./emlib/em_msc.o
                0x00000000000006bc                MSC_Init
 .text.MSC_Deinit
                0x00000000000006d4       0x1c ./emlib/em_msc.o
                0x00000000000006d4                MSC_Deinit
 .text.MSC_ErasePage
                0x00000000000006f0       0x44 ./emlib/em_msc.o
                0x00000000000006f0                MSC_ErasePage
 .text.MSC_WriteWord
                0x0000000000000734       0x6c ./emlib/em_msc.o
                0x0000000000000734                MSC_WriteWord
 .text.SE_addDataInput
                0x00000000000007a0       0x14 ./emlib/em_se.o
                0x00000000000007a0                SE_addDataInput
 .text.SE_addDataOutput
                0x00000000000007b4       0x14 ./emlib/em_se.o
                0x00000000000007b4                SE_addDataOutput
 .text.SE_addParameter
                0x00000000000007c8       0x12 ./emlib/em_se.o
                0x00000000000007c8                SE_addParameter
 .text.SE_executeCommand
                0x00000000000007da       0x3c ./emlib/em_se.o
                0x00000000000007da                SE_executeCommand
 *fill*         0x0000000000000816        0x2 
 .text.SYSTEM_ChipRevisionGet
                0x0000000000000818       0x1c ./emlib/em_system.o
                0x0000000000000818                SYSTEM_ChipRevisionGet
 .text.TIMER_SyncWait
                0x0000000000000834        0xe ./emlib/em_timer.o
                0x0000000000000834                TIMER_SyncWait
 .text.TIMER_Init
                0x0000000000000842       0x9a ./emlib/em_timer.o
                0x0000000000000842                TIMER_Init
 .text.ezspSpi_error
                0x00000000000008dc       0x30 ./ezsp-spi/btl_ezsp_spi.o
 .text.ezspSpi_wakeHandshake
                0x000000000000090c       0x4c ./ezsp-spi/btl_ezsp_spi.o
 .text.communication_init
                0x0000000000000958       0x22 ./ezsp-spi/btl_ezsp_spi.o
                0x0000000000000958                communication_init
 *fill*         0x000000000000097a        0x2 
 .text.communication_start
                0x000000000000097c       0x48 ./ezsp-spi/btl_ezsp_spi.o
                0x000000000000097c                communication_start
 .text.communication_main
                0x00000000000009c4      0x480 ./ezsp-spi/btl_ezsp_spi.o
                0x00000000000009c4                communication_main
 .text.communication_shutdown
                0x0000000000000e44       0x22 ./ezsp-spi/btl_ezsp_spi.o
                0x0000000000000e44                communication_shutdown
 *fill*         0x0000000000000e66        0x2 
 .text.gpio_enterBootloader
                0x0000000000000e68       0x5c ./gpio-activation/btl_gpio_activation.o
                0x0000000000000e68                gpio_enterBootloader
 .text.SE_readCommandResponse
                0x0000000000000ec4       0x12 ./mbedtls/se_aes.o
 .text.mbedtls_aes_init
                0x0000000000000ed6        0xc ./mbedtls/se_aes.o
                0x0000000000000ed6                mbedtls_aes_init
 .text.mbedtls_aes_setkey_enc
                0x0000000000000ee2       0x40 ./mbedtls/se_aes.o
                0x0000000000000ee2                mbedtls_aes_setkey_enc
 *fill*         0x0000000000000f22        0x2 
 .text.mbedtls_aes_crypt_ecb
                0x0000000000000f24       0xc8 ./mbedtls/se_aes.o
                0x0000000000000f24                mbedtls_aes_crypt_ecb
 .text.mbedtls_aes_crypt_ctr
                0x0000000000000fec      0x19c ./mbedtls/se_aes.o
                0x0000000000000fec                mbedtls_aes_crypt_ctr
 .text.se_management_acquire
                0x0000000000001188       0x18 ./mbedtls/se_management.o
                0x0000000000001188                se_management_acquire
 .text.se_management_release
                0x00000000000011a0        0x4 ./mbedtls/se_management.o
                0x00000000000011a0                se_management_release
 .text.sha_x_process
                0x00000000000011a4       0xf0 ./mbedtls/se_sha.o
                0x00000000000011a4                sha_x_process
 .text.sha_x_update
                0x0000000000001294       0xcc ./mbedtls/shax.o
                0x0000000000001294                sha_x_update
 .text.sha_x_finish
                0x0000000000001360       0xac ./mbedtls/shax.o
                0x0000000000001360                sha_x_finish
 .text.mbedtls_sha256_init
                0x000000000000140c        0xc ./mbedtls/shax.o
                0x000000000000140c                mbedtls_sha256_init
 .text.mbedtls_sha256_update_ret
                0x0000000000001418       0x24 ./mbedtls/shax.o
                0x0000000000001418                mbedtls_sha256_update_ret
 .text.mbedtls_sha256_finish_ret
                0x000000000000143c       0x24 ./mbedtls/shax.o
                0x000000000000143c                mbedtls_sha256_finish_ret
 .text.mbedtls_sha256_starts
                0x0000000000001460       0x14 ./mbedtls/shax.o
                0x0000000000001460                mbedtls_sha256_starts
 .text.mbedtls_sha256_update
                0x0000000000001474        0x4 ./mbedtls/shax.o
                0x0000000000001474                mbedtls_sha256_update
 .text.mbedtls_sha256_finish
                0x0000000000001478        0x4 ./mbedtls/shax.o
                0x0000000000001478                mbedtls_sha256_finish
 .text.gbl_isCustomTag
                0x000000000000147c        0x4 ./parser/btl_gbl_custom_tags.o
                0x000000000000147c                gbl_isCustomTag
 .text.gbl_getCustomTagProperties
                0x0000000000001480        0x4 ./parser/btl_gbl_custom_tags.o
                0x0000000000001480                gbl_getCustomTagProperties
 .text.parser_requireAuthenticity
                0x0000000000001484        0x4 ./parser/btl_image_parser.o
                0x0000000000001484                parser_requireAuthenticity
 .text.parser_requireConfidentiality
                0x0000000000001488        0x4 ./parser/btl_image_parser.o
                0x0000000000001488                parser_requireConfidentiality
 .text.parser_getApplicationAddress
                0x000000000000148c        0x8 ./parser/btl_image_parser.o
                0x000000000000148c                parser_getApplicationAddress
 .text.parser_getBootloaderUpgradeAddress
                0x0000000000001494        0x6 ./parser/btl_image_parser.o
                0x0000000000001494                parser_getBootloaderUpgradeAddress
 .text.parser_applicationUpgradeValidCallback
                0x000000000000149a        0x4 ./parser/btl_image_parser.o
                0x000000000000149a                parser_applicationUpgradeValidCallback
 *fill*         0x000000000000149e        0x2 
 .text.spislave_init
                0x00000000000014a0       0xd0 ./spislave-driver/btl_driver_spislave.o
                0x00000000000014a0                spislave_init
 .text.spislave_deinit
                0x0000000000001570       0x10 ./spislave-driver/btl_driver_spislave.o
                0x0000000000001570                spislave_deinit
 .text.spislave_getTxBytesLeft
                0x0000000000001580       0x3c ./spislave-driver/btl_driver_spislave.o
                0x0000000000001580                spislave_getTxBytesLeft
 .text.spislave_sendBuffer
                0x00000000000015bc       0x68 ./spislave-driver/btl_driver_spislave.o
                0x00000000000015bc                spislave_sendBuffer
 .text.spislave_enableReceiver
                0x0000000000001624       0x14 ./spislave-driver/btl_driver_spislave.o
                0x0000000000001624                spislave_enableReceiver
 .text.spislave_getRxAvailableBytes
                0x0000000000001638       0x44 ./spislave-driver/btl_driver_spislave.o
                0x0000000000001638                spislave_getRxAvailableBytes
 .text.spislave_receiveBuffer
                0x000000000000167c       0x98 ./spislave-driver/btl_driver_spislave.o
                0x000000000000167c                spislave_receiveBuffer
 .text.spislave_receiveByte
                0x0000000000001714       0x14 ./spislave-driver/btl_driver_spislave.o
                0x0000000000001714                spislave_receiveByte
 .text.spislave_flush
                0x0000000000001728       0x58 ./spislave-driver/btl_driver_spislave.o
                0x0000000000001728                spislave_flush
 .text.spislave_enableTransmitter
                0x0000000000001780       0x20 ./spislave-driver/btl_driver_spislave.o
                0x0000000000001780                spislave_enableTransmitter
 .text.btl_getSignedBootloaderKeyXPtr
                0x00000000000017a0        0x8 ./token-management/btl_security_tokens.o
                0x00000000000017a0                btl_getSignedBootloaderKeyXPtr
 .text.btl_getSignedBootloaderKeyYPtr
                0x00000000000017a8        0x8 ./token-management/btl_security_tokens.o
                0x00000000000017a8                btl_getSignedBootloaderKeyYPtr
 .text.btl_getImageFileEncryptionKeyPtr
                0x00000000000017b0        0x8 ./token-management/btl_security_tokens.o
                0x00000000000017b0                btl_getImageFileEncryptionKeyPtr
 .text.xmodem_reset
                0x00000000000017b8       0x14 ./xmodem-parser/btl_xmodem.o
                0x00000000000017b8                xmodem_reset
 .text.xmodem_parsePacket
                0x00000000000017cc       0xcc ./xmodem-parser/btl_xmodem.o
                0x00000000000017cc                xmodem_parsePacket
 .text.xmodem_getLastPacketNumber
                0x0000000000001898        0xc ./xmodem-parser/btl_xmodem.o
                0x0000000000001898                xmodem_getLastPacketNumber
 .text.ebl_storeData
                0x00000000000018a4       0x42 /Users/clfilho/projects/Simplicity Studio 04-19/Simplicity Studio.app/Contents/Eclipse/developer/sdks/gecko_sdk_suite/v2.6//platform/bootloader/build/lib//libparser_efr32xg21_gcc.a(btl_ebl_parser.o)
 .text.ebl_getData
                0x00000000000018e6       0xea /Users/clfilho/projects/Simplicity Studio 04-19/Simplicity Studio.app/Contents/Eclipse/developer/sdks/gecko_sdk_suite/v2.6//platform/bootloader/build/lib//libparser_efr32xg21_gcc.a(btl_ebl_parser.o)
 .text.ebl_parseHeader
                0x00000000000019d0       0x7c /Users/clfilho/projects/Simplicity Studio 04-19/Simplicity Studio.app/Contents/Eclipse/developer/sdks/gecko_sdk_suite/v2.6//platform/bootloader/build/lib//libparser_efr32xg21_gcc.a(btl_ebl_parser.o)
 .text.gbl_writeProgData
                0x0000000000001a4c       0xa4 /Users/clfilho/projects/Simplicity Studio 04-19/Simplicity Studio.app/Contents/Eclipse/developer/sdks/gecko_sdk_suite/v2.6//platform/bootloader/build/lib//libparser_efr32xg21_gcc.a(btl_ebl_parser.o)
                0x0000000000001a4c                gbl_writeProgData
 .text.parser_init
                0x0000000000001af0       0x72 /Users/clfilho/projects/Simplicity Studio 04-19/Simplicity Studio.app/Contents/Eclipse/developer/sdks/gecko_sdk_suite/v2.6//platform/bootloader/build/lib//libparser_efr32xg21_gcc.a(btl_ebl_parser.o)
                0x0000000000001af0                parser_init
 *fill*         0x0000000000001b62        0x2 
 .text.parser_parse
                0x0000000000001b64      0x7d4 /Users/clfilho/projects/Simplicity Studio 04-19/Simplicity Studio.app/Contents/Eclipse/developer/sdks/gecko_sdk_suite/v2.6//platform/bootloader/build/lib//libparser_efr32xg21_gcc.a(btl_ebl_parser.o)
                0x0000000000001b64                parser_parse
 .text.SE_readCommandResponse
                0x0000000000002338       0x12 /Users/clfilho/projects/Simplicity Studio 04-19/Simplicity Studio.app/Contents/Eclipse/developer/sdks/gecko_sdk_suite/v2.6//platform/bootloader/build/lib//libbootloader_efr32xg21_gcc.a(btl_bootload.o)
 *fill*         0x000000000000234a        0x2 
 .text.checkApplicationPropertiesMagic
                0x000000000000234c       0x44 /Users/clfilho/projects/Simplicity Studio 04-19/Simplicity Studio.app/Contents/Eclipse/developer/sdks/gecko_sdk_suite/v2.6//platform/bootloader/build/lib//libbootloader_efr32xg21_gcc.a(btl_bootload.o)
 .text.flashData
                0x0000000000002390       0x42 /Users/clfilho/projects/Simplicity Studio 04-19/Simplicity Studio.app/Contents/Eclipse/developer/sdks/gecko_sdk_suite/v2.6//platform/bootloader/build/lib//libbootloader_efr32xg21_gcc.a(btl_bootload.o)
 .text.getSignatureX
                0x00000000000023d2       0x28 /Users/clfilho/projects/Simplicity Studio 04-19/Simplicity Studio.app/Contents/Eclipse/developer/sdks/gecko_sdk_suite/v2.6//platform/bootloader/build/lib//libbootloader_efr32xg21_gcc.a(btl_bootload.o)
 .text.bootload_verifySecureBoot
                0x00000000000023fa       0x68 /Users/clfilho/projects/Simplicity Studio 04-19/Simplicity Studio.app/Contents/Eclipse/developer/sdks/gecko_sdk_suite/v2.6//platform/bootloader/build/lib//libbootloader_efr32xg21_gcc.a(btl_bootload.o)
 .text.bootload_applicationCallback
                0x0000000000002462       0x20 /Users/clfilho/projects/Simplicity Studio 04-19/Simplicity Studio.app/Contents/Eclipse/developer/sdks/gecko_sdk_suite/v2.6//platform/bootloader/build/lib//libbootloader_efr32xg21_gcc.a(btl_bootload.o)
                0x0000000000002462                bootload_applicationCallback
 .text.bootload_bootloaderCallback
                0x0000000000002482       0x3c /Users/clfilho/projects/Simplicity Studio 04-19/Simplicity Studio.app/Contents/Eclipse/developer/sdks/gecko_sdk_suite/v2.6//platform/bootloader/build/lib//libbootloader_efr32xg21_gcc.a(btl_bootload.o)
                0x0000000000002482                bootload_bootloaderCallback
 *fill*         0x00000000000024be        0x2 
 .text.bootload_verifyApplication
                0x00000000000024c0       0x8c /Users/clfilho/projects/Simplicity Studio 04-19/Simplicity Studio.app/Contents/Eclipse/developer/sdks/gecko_sdk_suite/v2.6//platform/bootloader/build/lib//libbootloader_efr32xg21_gcc.a(btl_bootload.o)
                0x00000000000024c0                bootload_verifyApplication
 .text.bootload_commitBootloaderUpgrade
                0x000000000000254c       0x8c /Users/clfilho/projects/Simplicity Studio 04-19/Simplicity Studio.app/Contents/Eclipse/developer/sdks/gecko_sdk_suite/v2.6//platform/bootloader/build/lib//libbootloader_efr32xg21_gcc.a(btl_bootload.o)
                0x000000000000254c                bootload_commitBootloaderUpgrade
 .text.bootload_checkSeUpgradeVersion
                0x00000000000025d8       0x54 /Users/clfilho/projects/Simplicity Studio 04-19/Simplicity Studio.app/Contents/Eclipse/developer/sdks/gecko_sdk_suite/v2.6//platform/bootloader/build/lib//libbootloader_efr32xg21_gcc.a(btl_bootload.o)
                0x00000000000025d8                bootload_checkSeUpgradeVersion
 .text.bootload_commitSeUpgrade
                0x000000000000262c       0x68 /Users/clfilho/projects/Simplicity Studio 04-19/Simplicity Studio.app/Contents/Eclipse/developer/sdks/gecko_sdk_suite/v2.6//platform/bootloader/build/lib//libbootloader_efr32xg21_gcc.a(btl_bootload.o)
                0x000000000000262c                bootload_commitSeUpgrade
 .text.core_initParser
                0x0000000000002694       0x32 /Users/clfilho/projects/Simplicity Studio 04-19/Simplicity Studio.app/Contents/Eclipse/developer/sdks/gecko_sdk_suite/v2.6//platform/bootloader/build/lib//libbootloader_efr32xg21_gcc.a(btl_parse.o)
                0x0000000000002694                core_initParser
 .text.core_parseBuffer
                0x00000000000026c6       0x3a /Users/clfilho/projects/Simplicity Studio 04-19/Simplicity Studio.app/Contents/Eclipse/developer/sdks/gecko_sdk_suite/v2.6//platform/bootloader/build/lib//libbootloader_efr32xg21_gcc.a(btl_parse.o)
                0x00000000000026c6                core_parseBuffer
 .text.reset_setResetReason
                0x0000000000002700        0xe /Users/clfilho/projects/Simplicity Studio 04-19/Simplicity Studio.app/Contents/Eclipse/developer/sdks/gecko_sdk_suite/v2.6//platform/bootloader/build/lib//libbootloader_efr32xg21_gcc.a(btl_reset.o)
                0x0000000000002700                reset_setResetReason
 .text.reset_invalidateResetReason
                0x000000000000270e        0xc /Users/clfilho/projects/Simplicity Studio 04-19/Simplicity Studio.app/Contents/Eclipse/developer/sdks/gecko_sdk_suite/v2.6//platform/bootloader/build/lib//libbootloader_efr32xg21_gcc.a(btl_reset.o)
                0x000000000000270e                reset_invalidateResetReason
 *fill*         0x000000000000271a        0x2 
 .text.reset_resetWithReason
                0x000000000000271c       0x30 /Users/clfilho/projects/Simplicity Studio 04-19/Simplicity Studio.app/Contents/Eclipse/developer/sdks/gecko_sdk_suite/v2.6//platform/bootloader/build/lib//libbootloader_efr32xg21_gcc.a(btl_reset.o)
                0x000000000000271c                reset_resetWithReason
 .text.reset_classifyReset
                0x000000000000274c       0x2a /Users/clfilho/projects/Simplicity Studio 04-19/Simplicity Studio.app/Contents/Eclipse/developer/sdks/gecko_sdk_suite/v2.6//platform/bootloader/build/lib//libbootloader_efr32xg21_gcc.a(btl_reset.o)
                0x000000000000274c                reset_classifyReset
 .text.flash_erasePage
                0x0000000000002776       0x1c /Users/clfilho/projects/Simplicity Studio 04-19/Simplicity Studio.app/Contents/Eclipse/developer/sdks/gecko_sdk_suite/v2.6//platform/bootloader/build/lib//libbootloader_efr32xg21_gcc.a(btl_internal_flash.o)
                0x0000000000002776                flash_erasePage
 .text.flash_writeBuffer
                0x0000000000002792       0x36 /Users/clfilho/projects/Simplicity Studio 04-19/Simplicity Studio.app/Contents/Eclipse/developer/sdks/gecko_sdk_suite/v2.6//platform/bootloader/build/lib//libbootloader_efr32xg21_gcc.a(btl_internal_flash.o)
                0x0000000000002792                flash_writeBuffer
 .text.memcmp   0x00000000000027c8       0x1e /Users/clfilho/projects/Simplicity Studio 04-19/Simplicity Studio.app/Contents/Eclipse/developer/toolchains/gnu_arm/7.2_2017q4/bin/../lib/gcc/arm-none-eabi/7.2.1/../../../../arm-none-eabi/lib/thumb/v8-m.main/fpv5-sp/softfp/libc_nano.a(lib_a-memcmp.o)
                0x00000000000027c8                memcmp
 .text.memcpy   0x00000000000027e6       0x16 /Users/clfilho/projects/Simplicity Studio 04-19/Simplicity Studio.app/Contents/Eclipse/developer/toolchains/gnu_arm/7.2_2017q4/bin/../lib/gcc/arm-none-eabi/7.2.1/../../../../arm-none-eabi/lib/thumb/v8-m.main/fpv5-sp/softfp/libc_nano.a(lib_a-memcpy-stub.o)
                0x00000000000027e6                memcpy
 .text.memset   0x00000000000027fc       0x10 /Users/clfilho/projects/Simplicity Studio 04-19/Simplicity Studio.app/Contents/Eclipse/developer/toolchains/gnu_arm/7.2_2017q4/bin/../lib/gcc/arm-none-eabi/7.2.1/../../../../arm-none-eabi/lib/thumb/v8-m.main/fpv5-sp/softfp/libc_nano.a(lib_a-memset.o)
                0x00000000000027fc                memset
 *(.init)
 .init          0x000000000000280c        0x4 /Users/clfilho/projects/Simplicity Studio 04-19/Simplicity Studio.app/Contents/Eclipse/developer/toolchains/gnu_arm/7.2_2017q4/bin/../lib/gcc/arm-none-eabi/7.2.1/thumb/v8-m.main/fpv5-sp/softfp/crti.o
                0x000000000000280c                _init
 .init          0x0000000000002810        0x8 /Users/clfilho/projects/Simplicity Studio 04-19/Simplicity Studio.app/Contents/Eclipse/developer/toolchains/gnu_arm/7.2_2017q4/bin/../lib/gcc/arm-none-eabi/7.2.1/thumb/v8-m.main/fpv5-sp/softfp/crtn.o
 *(.fini)
 .fini          0x0000000000002818        0x4 /Users/clfilho/projects/Simplicity Studio 04-19/Simplicity Studio.app/Contents/Eclipse/developer/toolchains/gnu_arm/7.2_2017q4/bin/../lib/gcc/arm-none-eabi/7.2.1/thumb/v8-m.main/fpv5-sp/softfp/crti.o
                0x0000000000002818                _fini
 .fini          0x000000000000281c        0x8 /Users/clfilho/projects/Simplicity Studio 04-19/Simplicity Studio.app/Contents/Eclipse/developer/toolchains/gnu_arm/7.2_2017q4/bin/../lib/gcc/arm-none-eabi/7.2.1/thumb/v8-m.main/fpv5-sp/softfp/crtn.o
 *crtbegin.o(.ctors)
 *crtbegin?.o(.ctors)
 *(EXCLUDE_FILE(*crtend.o *crtend?.o) .ctors)
 *(SORT_BY_NAME(.ctors.*))
 *(.ctors)
 *crtbegin.o(.dtors)
 *crtbegin?.o(.dtors)
 *(EXCLUDE_FILE(*crtend.o *crtend?.o) .dtors)
 *(SORT_BY_NAME(.dtors.*))
 *(.dtors)
 *(.rodata*)
 .rodata        0x0000000000002824       0x11 ./core/btl_driver_util.o
 *fill*         0x0000000000002835        0x3 
 .rodata.mainStageTable
                0x0000000000002838       0x34 ./core/btl_main.o
                0x0000000000002838                mainStageTable
 .rodata.sl_app_properties
                0x000000000000286c       0x40 ./core/btl_main.o
                0x000000000000286c                sl_app_properties
 .rodata.parseCb
                0x00000000000028ac       0x10 ./ezsp-spi/btl_ezsp_spi.o
 .rodata.queryResponse
                0x00000000000028bc       0x1a ./ezsp-spi/btl_ezsp_spi.o
 .rodata.init_state_sha1
                0x00000000000028d6       0x20 ./mbedtls/shax.o
 .rodata.init_state_sha224
                0x00000000000028f6       0x20 ./mbedtls/shax.o
 .rodata.init_state_sha256
                0x0000000000002916       0x20 ./mbedtls/shax.o
 .rodata.shax_padding
                0x0000000000002936       0x40 ./mbedtls/shax.o
 *fill*         0x0000000000002976        0x2 
 .rodata.ldmaRxDesc
                0x0000000000002978       0x40 ./spislave-driver/btl_driver_spislave.o
 .rodata        0x00000000000029b8       0x10 /Users/clfilho/projects/Simplicity Studio 04-19/Simplicity Studio.app/Contents/Eclipse/developer/sdks/gecko_sdk_suite/v2.6//platform/bootloader/build/lib//libbootloader_efr32xg21_gcc.a(btl_bootload.o)
 *(.eh_frame*)
 .eh_frame      0x00000000000029c8        0x0 /Users/clfilho/projects/Simplicity Studio 04-19/Simplicity Studio.app/Contents/Eclipse/developer/toolchains/gnu_arm/7.2_2017q4/bin/../lib/gcc/arm-none-eabi/7.2.1/thumb/v8-m.main/fpv5-sp/softfp/crtbegin.o
 .eh_frame      0x00000000000029c8        0x4 /Users/clfilho/projects/Simplicity Studio 04-19/Simplicity Studio.app/Contents/Eclipse/developer/toolchains/gnu_arm/7.2_2017q4/bin/../lib/gcc/arm-none-eabi/7.2.1/thumb/v8-m.main/fpv5-sp/softfp/crtend.o

.glue_7         0x00000000000029cc        0x0
 .glue_7        0x00000000000029cc        0x0 linker stubs

.glue_7t        0x00000000000029cc        0x0
 .glue_7t       0x00000000000029cc        0x0 linker stubs

.vfp11_veneer   0x00000000000029cc        0x0
 .vfp11_veneer  0x00000000000029cc        0x0 linker stubs

.v4_bx          0x00000000000029cc        0x0
 .v4_bx         0x00000000000029cc        0x0 linker stubs

.iplt           0x00000000000029cc        0x0
 .iplt          0x00000000000029cc        0x0 /Users/clfilho/projects/Simplicity Studio 04-19/Simplicity Studio.app/Contents/Eclipse/developer/toolchains/gnu_arm/7.2_2017q4/bin/../lib/gcc/arm-none-eabi/7.2.1/thumb/v8-m.main/fpv5-sp/softfp/crtbegin.o

.rel.dyn        0x00000000000029cc        0x0
 .rel.iplt      0x00000000000029cc        0x0 /Users/clfilho/projects/Simplicity Studio 04-19/Simplicity Studio.app/Contents/Eclipse/developer/toolchains/gnu_arm/7.2_2017q4/bin/../lib/gcc/arm-none-eabi/7.2.1/thumb/v8-m.main/fpv5-sp/softfp/crtbegin.o

.ARM.extab
 *(.ARM.extab* .gnu.linkonce.armextab.*)
                0x00000000000029cc                __exidx_start = .

.ARM.exidx
 *(.ARM.exidx* .gnu.linkonce.armexidx.*)
                0x00000000000029cc                __exidx_end = .
                0x00000000000029cc                __etext = .

.crashinfo      0x0000000020000000      0x100
                0x0000000020000100                . = (. + 0x100)
 *fill*         0x0000000020000000      0x100 

.data           0x0000000020000100       0x48 load address 0x00000000000029cc
                0x0000000020000100                __data_start__ = .
 *(vtable)
 *(.data*)
 .data.errorPending
                0x0000000020000100        0x1 ./ezsp-spi/btl_ezsp_spi.o
 *fill*         0x0000000020000101        0x3 
 .data.imageProps
                0x0000000020000104       0x2c ./ezsp-spi/btl_ezsp_spi.o
 .data.ldmaTxDesc
                0x0000000020000130       0x10 ./spislave-driver/btl_driver_spislave.o
                0x0000000020000140                . = ALIGN (0x4)
 *(.ram)
                0x0000000020000140                . = ALIGN (0x4)
                0x0000000020000140                PROVIDE (__preinit_array_start, .)
 *(.preinit_array)
                0x0000000020000140                PROVIDE (__preinit_array_end, .)
                0x0000000020000140                . = ALIGN (0x4)
                0x0000000020000140                PROVIDE (__init_array_start, .)
 *(SORT_BY_NAME(.init_array.*))
 *(.init_array)
 .init_array    0x0000000020000140        0x4 /Users/clfilho/projects/Simplicity Studio 04-19/Simplicity Studio.app/Contents/Eclipse/developer/toolchains/gnu_arm/7.2_2017q4/bin/../lib/gcc/arm-none-eabi/7.2.1/thumb/v8-m.main/fpv5-sp/softfp/crtbegin.o
                0x0000000020000144                PROVIDE (__init_array_end, .)
                0x0000000020000144                . = ALIGN (0x4)
                [!provide]                        PROVIDE (__fini_array_start, .)
 *(SORT_BY_NAME(.fini_array.*))
 *(.fini_array)
 .fini_array    0x0000000020000144        0x4 /Users/clfilho/projects/Simplicity Studio 04-19/Simplicity Studio.app/Contents/Eclipse/developer/toolchains/gnu_arm/7.2_2017q4/bin/../lib/gcc/arm-none-eabi/7.2.1/thumb/v8-m.main/fpv5-sp/softfp/crtbegin.o
                [!provide]                        PROVIDE (__fini_array_end, .)
 *(.jcr*)
                0x0000000020000148                . = ALIGN (0x4)
                0x0000000020000148                __data_end__ = .
                0x0000000000002a14                __rom_end__ = (__etext + SIZEOF (.data))

.igot.plt       0x0000000020000148        0x0 load address 0x0000000000002a14
 .igot.plt      0x0000000020000148        0x0 /Users/clfilho/projects/Simplicity Studio 04-19/Simplicity Studio.app/Contents/Eclipse/developer/toolchains/gnu_arm/7.2_2017q4/bin/../lib/gcc/arm-none-eabi/7.2.1/thumb/v8-m.main/fpv5-sp/softfp/crtbegin.o

.bss            0x0000000020000148      0x3ac load address 0x0000000000002a14
                0x0000000020000148                . = ALIGN (0x4)
                0x0000000020000148                __bss_start__ = .
 *(.bss*)
 .bss           0x0000000020000148       0x1c /Users/clfilho/projects/Simplicity Studio 04-19/Simplicity Studio.app/Contents/Eclipse/developer/toolchains/gnu_arm/7.2_2017q4/bin/../lib/gcc/arm-none-eabi/7.2.1/thumb/v8-m.main/fpv5-sp/softfp/crtbegin.o
 .bss.delayTarget
                0x0000000020000164        0x2 ./delay-driver/btl_driver_delay.o
 .bss.expectOverflow
                0x0000000020000166        0x1 ./delay-driver/btl_driver_delay.o
 *fill*         0x0000000020000167        0x1 
 .bss.ticksPerMillisecond
                0x0000000020000168        0x4 ./delay-driver/btl_driver_delay.o
 .bss.done      0x000000002000016c        0x1 ./ezsp-spi/btl_ezsp_spi.o
 .bss.imageError
                0x000000002000016d        0x1 ./ezsp-spi/btl_ezsp_spi.o
 .bss.interrupt
                0x000000002000016e       0x24 ./ezsp-spi/btl_ezsp_spi.o
 .bss.interruptPending
                0x0000000020000192        0x1 ./ezsp-spi/btl_ezsp_spi.o
 .bss.querySent
                0x0000000020000193        0x1 ./ezsp-spi/btl_ezsp_spi.o
 .bss.reply     0x0000000020000194       0x24 ./ezsp-spi/btl_ezsp_spi.o
 .bss.rxBuffer  0x00000000200001b8       0x8b ./ezsp-spi/btl_ezsp_spi.o
 .bss.state     0x0000000020000243        0x1 ./ezsp-spi/btl_ezsp_spi.o
 .bss.transferActive
                0x0000000020000244        0x1 ./ezsp-spi/btl_ezsp_spi.o
 *fill*         0x0000000020000245        0x3 
 .bss.transferPolls
                0x0000000020000248        0x4 ./ezsp-spi/btl_ezsp_spi.o
 .bss.rxBuffer  0x000000002000024c      0x12c ./spislave-driver/btl_driver_spislave.o
 .bss.rxHead    0x0000000020000378        0x4 ./spislave-driver/btl_driver_spislave.o
 .bss.txBuffer  0x000000002000037c       0x32 ./spislave-driver/btl_driver_spislave.o
 .bss.packetNumber
                0x00000000200003ae        0x1 ./xmodem-parser/btl_xmodem.o
 .bss.started   0x00000000200003af        0x1 ./xmodem-parser/btl_xmodem.o
 *(COMMON)
 COMMON         0x00000000200003b0      0x144 ./ezsp-spi/btl_ezsp_spi.o
                0x00000000200003b0                parserContext
                0x0000000020000440                authContext
                0x00000000200004ac                decryptContext
                0x00000000200004f4                . = ALIGN (0x4)
                0x00000000200004f4                __bss_end__ = .

.heap           0x00000000200004f8      0xc00
                0x00000000200004f8                __HeapBase = .
                0x00000000200004f8                __end__ = .
                0x00000000200004f8                end = __end__
                0x00000000200004f8                _end = __end__
 *(.heap*)
 .heap          0x00000000200004f8      0xc00 ./core/EFR32/gcc/main_btl_startup.o
                0x00000000200010f8                __HeapLimit = .

.stack_dummy    0x00000000200010f8     0x1000
 *(.stack*)
 .stack         0x00000000200010f8     0x1000 ./core/EFR32/gcc/main_btl_startup.o
                0x0000000020008000                __StackTop = (ORIGIN (RAM) + LENGTH (RAM))
                0x0000000020007000                __StackLimit = (__StackTop - SIZEOF (.stack_dummy))
                0x0000000020008000                PROVIDE (__stack, __StackTop)
                0x0000000000000001                ASSERT ((__StackLimit >= __HeapLimit), region RAM overflowed with stack)
                0x0000000000000001                ASSERT (((LENGTH (FLASH) - 0x4) >= ((__etext + SIZEOF (.data)) - ORIGIN (FLASH))), FLASH memory overflowed !)
OUTPUT(StdBootSpiMG21v190.axf elf32-littlearm)

.ARM.attributes
                0x0000000000000000       0x34
 .ARM.attributes
                0x0000000000000000       0x26 /Users/clfilho/projects/Simplicity Studio 04-19/Simplicity Studio.app/Contents/Eclipse/developer/toolchains/gnu_arm/7.2_2017q4/bin/../lib/gcc/arm-none-eabi/7.2.1/thumb/v8-m.main/fpv5-sp/softfp/crti.o
 .ARM.attributes
                0x0000000000000026       0x36 /Users/clfilho/projects/Simplicity Studio 04-19/Simplicity Studio.app/Contents/Eclipse/developer/toolchains/gnu_arm/7.2_2017q4/bin/../lib/gcc/arm-none-eabi/7.2.1/thumb/v8-m.main/fpv5-sp/softfp/crtbegin.o
 .ARM.attributes
                0x000000000000005c       0x3a ./CMSIS/system_efr32mg21.o
 .ARM.attributes
                0x0000000000000096       0x3a ./core/EFR32/gcc/main_btl_startup.o
 .ARM.attributes
                0x00000000000000d0       0x3a ./core/btl_core.o
 .ARM.attributes
                0x000000000000010a       0x3a ./core/btl_driver_util.o
 .ARM.attributes
                0x0000000000000144       0x3a ./core/btl_main.o
 .ARM.attributes
                0x000000000000017e       0x3a ./crc/btl_crc16.o
 .ARM.attributes
                0x00000000000001b8       0x3a ./crc/btl_crc32.o
 .ARM.attributes
                0x00000000000001f2       0x3a ./crypto/btl_security_aes.o
 .ARM.attributes
                0x000000000000022c       0x3a ./crypto/btl_security_ecdsa.o
 .ARM.attributes
                0x0000000000000266       0x3a ./crypto/btl_security_sha256.o
 .ARM.attributes
                0x00000000000002a0       0x3a ./delay-driver/btl_driver_delay.o
 .ARM.attributes
                0x00000000000002da       0x3a ./emlib/em_gpio.o
 .ARM.attributes
                0x0000000000000314       0x3a ./emlib/em_msc.o
 .ARM.attributes
                0x000000000000034e       0x3a ./emlib/em_se.o
 .ARM.attributes
                0x0000000000000388       0x3a ./emlib/em_system.o
 .ARM.attributes
                0x00000000000003c2       0x3a ./emlib/em_timer.o
 .ARM.attributes
                0x00000000000003fc       0x3a ./ezsp-spi/btl_ezsp_spi.o
 .ARM.attributes
                0x0000000000000436       0x3a ./gpio-activation/btl_gpio_activation.o
 .ARM.attributes
                0x0000000000000470       0x3a ./mbedtls/se_aes.o
 .ARM.attributes
                0x00000000000004aa       0x3a ./mbedtls/se_management.o
 .ARM.attributes
                0x00000000000004e4       0x3a ./mbedtls/se_sha.o
 .ARM.attributes
                0x000000000000051e       0x3a ./mbedtls/shax.o
 .ARM.attributes
                0x0000000000000558       0x3a ./parser/btl_gbl_custom_tags.o
 .ARM.attributes
                0x0000000000000592       0x3a ./parser/btl_image_parser.o
 .ARM.attributes
                0x00000000000005cc       0x3a ./spislave-driver/btl_driver_spislave.o
 .ARM.attributes
                0x0000000000000606       0x3a ./token-management/btl_security_tokens.o
 .ARM.attributes
                0x0000000000000640       0x3a ./xmodem-parser/btl_xmodem.o
 .ARM.attributes
                0x000000000000067a       0x3a /Users/clfilho/projects/Simplicity Studio 04-19/Simplicity Studio.app/Contents/Eclipse/developer/sdks/gecko_sdk_suite/v2.6//platform/bootloader/build/lib//libparser_efr32xg21_gcc.a(btl_ebl_parser.o)
 .ARM.attributes
                0x00000000000006b4       0x3a /Users/clfilho/projects/Simplicity Studio 04-19/Simplicity Studio.app/Contents/Eclipse/developer/sdks/gecko_sdk_suite/v2.6//platform/bootloader/build/lib//libbootloader_efr32xg21_gcc.a(btl_bootload.o)
 .ARM.attributes
                0x00000000000006ee       0x3a /Users/clfilho/projects/Simplicity Studio 04-19/Simplicity Studio.app/Contents/Eclipse/developer/sdks/gecko_sdk_suite/v2.6//platform/bootloader/build/lib//libbootloader_efr32xg21_gcc.a(btl_parse.o)
 .ARM.attributes
                0x0000000000000728       0x3a /Users/clfilho/projects/Simplicity Studio 04-19/Simplicity Studio.app/Contents/Eclipse/developer/sdks/gecko_sdk_suite/v2.6//platform/bootloader/build/lib//libbootloader_efr32xg21_gcc.a(btl_reset.o)
 .ARM.attributes
                0x0000000000000762       0x3a /Users/clfilho/projects/Simplicity Studio 04-19/Simplicity Studio.app/Contents/Eclipse/developer/sdks/gecko_sdk_suite/v2.6//platform/bootloader/build/lib//libbootloader_efr32xg21_gcc.a(btl_internal_flash.o)
 .ARM.attributes
                0x000000000000079c       0x36 /Users/clfilho/projects/Simplicity Studio 04-19/Simplicity Studio.app/Contents/Eclipse/developer/toolchains/gnu_arm/7.2_2017q4/bin/../lib/gcc/arm-none-eabi/7.2.1/../../../../arm-none-eabi/lib/thumb/v8-m.main/fpv5-sp/softfp/libc_nano.a(lib_a-memcmp.o)
 .ARM.attributes
                0x00000000000007d2       0x36 /Users/clfilho/projects/Simplicity Studio 04-19/Simplicity Studio.app/Contents/Eclipse/developer/toolchains/gnu_arm/7.2_2017q4/bin/../lib/gcc/arm-none-eabi/7.2.1/../../../../arm-none-eabi/lib/thumb/v8-m.main/fpv5-sp/softfp/libc_nano.a(lib_a-memcpy-stub.o)
 .ARM.attributes
                0x0000000000000808       0x36 /Users/clfilho/projects/Simplicity Studio 04-19/Simplicity Studio.app/Contents/Eclipse/developer/toolchains/gnu_arm/7.2_2017q4/bin/../lib/gcc/arm-none-eabi/7.2.1/../../../../arm-none-eabi/lib/thumb/v8-m.main/fpv5-sp/softfp/libc_nano.a(lib_a-memset.o)
 .ARM.attributes
                0x000000000000083e       0x36 /Users/clfilho/projects/Simplicity Studio 04-19/Simplicity Studio.app/Contents/Eclipse/developer/toolchains/gnu_arm/7.2_2017q4/bin/../lib/gcc/arm-none-eabi/7.2.1/thumb/v8-m.main/fpv5-sp/softfp/crtend.o
 .ARM.attributes
                0x0000000000000874       0x26 /Users/clfilho/projects/Simplicity Studio 04-19/Simplicity Studio.app/Contents/Eclipse/developer/toolchains/gnu_arm/7.2_2017q4/bin/../lib/gcc/arm-none-eabi/7.2.1/thumb/v8-m.main/fpv5-sp/softfp/crtn.o

.comment        0x0000000000000000       0x7e
 .comment       0x0000000000000000       0x7e ./CMSIS/system_efr32mg21.o
                                         0x7f (size before relaxing)
 .comment       0x000000000000007e       0x7f ./core/EFR32/gcc/main_btl_startup.o
 .comment       0x000000000000007e       0x7f ./core/btl_core.o
 .comment       0x000000000000007e       0x7f ./core/btl_driver_util.o
 .comment       0x000000000000007e       0x7f ./core/btl_main.o
 .comment       0x000000000000007e       0x7f ./crc/btl_crc16.o
 .comment       0x000000000000007e       0x7f ./crc/btl_crc32.o
 .comment       0x000000000000007e       0x7f ./crypto/btl_security_aes.o
 .comment       0x000000000000007e       0x7f ./crypto/btl_security_ecdsa.o
 .comment       0x000000000000007e       0x7f ./crypto/btl_security_sha256.o
 .comment       0x000000000000007e       0x7f ./delay-driver/btl_driver_delay.o
 .comment       0x000000000000007e       0x7f ./emlib/em_gpio.o
 .comment       0x000000000000007e       0x7f ./emlib/em_msc.o
 .comment       0x000000000000007e       0x7f ./emlib/em_se.o
 .comment       0x000000000000007e       0x7f ./emlib/em_system.o
 .comment       0x000000000000007e       0x7f ./emlib/em_timer.o
 .comment       0x000000000000007e       0x7f ./ezsp-spi/btl_ezsp_spi.o
 .comment       0x000000000000007e       0x7f ./gpio-activation/btl_gpio_activation.o
 .comment       0x000000000000007e       0x7f ./mbedtls/se_aes.o
 .comment       0x000000000000007e       0x7f ./mbedtls/se_management.o
 .comment       0x000000000000007e       0x7f ./mbedtls/se_sha.o
 .comment       0x000000000000007e       0x7f ./mbedtls/shax.o
 .comment       0x000000000000007e       0x7f ./parser/btl_gbl_custom_tags.o
 .comment       0x000000000000007e       0x7f ./parser/btl_image_parser.o
 .comment       0x000000000000007e       0x7f ./spislave-driver/btl_driver_spislave.o
 .comment       0x000000000000007e       0x7f ./token-management/btl_security_tokens.o
 .comment       0x000000000000007e       0x7f ./xmodem-parser/btl_xmodem.o
 .comment       0x000000000000007e       0x7f /Users/clfilho/projects/Simplicity Studio 04-19/Simplicity Studio.app/Contents/Eclipse/developer/sdks/gecko_sdk_suite/v2.6//platform/bootloader/build/lib//libparser_efr32xg21_gcc.a(btl_ebl_parser.o)
 .comment       0x000000000000007e       0x7f /Users/clfilho/projects/Simplicity Studio 04-19/Simplicity Studio.app/Contents/Eclipse/developer/sdks/gecko_sdk_suite/v2.6//platform/bootloader/build/lib//libbootloader_efr32xg21_gcc.a(btl_bootload.o)
 .comment       0x000000000000007e       0x7f /Users/clfilho/projects/Simplicity Studio 04-19/Simplicity Studio.app/Contents/Eclipse/developer/sdks/gecko_sdk_suite/v2.6//platform/bootloader/build/lib//libbootloader_efr32xg21_gcc.a(btl_parse.o)
 .comment       0x000000000000007e       0x7f /Users/clfilho/projects/Simplicity Studio 04-19/Simplicity Studio.app/Contents/Eclipse/developer/sdks/gecko_sdk_suite/v2.6//platform/bootloader/build/lib//libbootloader_efr32xg21_gcc.a(btl_reset.o)
 .comment       0x000000000000007e       0x7f /Users/clfilho/projects/Simplicity Studio 04-19/Simplicity Studio.app/Contents/Eclipse/developer/sdks/gecko_sdk_suite/v2.6//platform/bootloader/build/lib//libbootloader_efr32xg21_gcc.a(btl_internal_flash.o)

.debug_info     0x0000000000000000    0x1cbac
 .debug_info    0x0000000000000000     0x12bc ./CMSIS/system_efr32mg21.o
 .debug_info    0x00000000000012bc      0xa76 ./core/EFR32/gcc/main_btl_startup.o
 .debug_info    0x0000000000001d32      0x12e ./core/btl_core.o
 .debug_info    0x0000000000001e60     0x22a4 ./core/btl_driver_util.o
 .debug_info    0x0000000000004104     0x1f58 ./core/btl_main.o
 .debug_info    0x000000000000605c      0x152 ./crc/btl_crc16.o
 .debug_info    0x00000000000061ae      0x464 ./crc/btl_crc32.o
 .debug_info    0x0000000000006612      0xdc5 ./crypto/btl_security_aes.o
 .debug_info    0x00000000000073d7      0xdfa ./crypto/btl_security_ecdsa.o
 .debug_info    0x00000000000081d1      0x3a2 ./crypto/btl_security_sha256.o
 .debug_info    0x0000000000008573      0xad4 ./delay-driver/btl_driver_delay.o
 .debug_info    0x0000000000009047     0x1b75 ./emlib/em_gpio.o
 .debug_info    0x000000000000abbc     0x1a4c ./emlib/em_msc.o
 .debug_info    0x000000000000c608      0xf92 ./emlib/em_se.o
 .debug_info    0x000000000000d59a      0x7c0 ./emlib/em_system.o
 .debug_info    0x000000000000dd5a     0x264f ./emlib/em_timer.o
 .debug_info    0x00000000000103a9     0x30e2 ./ezsp-spi/btl_ezsp_spi.o
 .debug_info    0x000000000001348b     0x10fc ./gpio-activation/btl_gpio_activation.o
 .debug_info    0x0000000000014587     0x1761 ./mbedtls/se_aes.o
 .debug_info    0x0000000000015ce8      0xdf2 ./mbedtls/se_management.o
 .debug_info    0x0000000000016ada      0xe0c ./mbedtls/se_sha.o
 .debug_info    0x00000000000178e6     0x1702 ./mbedtls/shax.o
 .debug_info    0x0000000000018fe8      0x4f3 ./parser/btl_gbl_custom_tags.o
 .debug_info    0x00000000000194db      0x851 ./parser/btl_image_parser.o
 .debug_info    0x0000000000019d2c     0x2af6 ./spislave-driver/btl_driver_spislave.o
 .debug_info    0x000000000001c822      0x139 ./token-management/btl_security_tokens.o
 .debug_info    0x000000000001c95b      0x251 ./xmodem-parser/btl_xmodem.o

.debug_abbrev   0x0000000000000000     0x39d1
 .debug_abbrev  0x0000000000000000      0x24b ./CMSIS/system_efr32mg21.o
 .debug_abbrev  0x000000000000024b      0x1ad ./core/EFR32/gcc/main_btl_startup.o
 .debug_abbrev  0x00000000000003f8       0xb3 ./core/btl_core.o
 .debug_abbrev  0x00000000000004ab      0x170 ./core/btl_driver_util.o
 .debug_abbrev  0x000000000000061b      0x38f ./core/btl_main.o
 .debug_abbrev  0x00000000000009aa       0xab ./crc/btl_crc16.o
 .debug_abbrev  0x0000000000000a55       0xdd ./crc/btl_crc32.o
 .debug_abbrev  0x0000000000000b32      0x25e ./crypto/btl_security_aes.o
 .debug_abbrev  0x0000000000000d90      0x272 ./crypto/btl_security_ecdsa.o
 .debug_abbrev  0x0000000000001002      0x18e ./crypto/btl_security_sha256.o
 .debug_abbrev  0x0000000000001190      0x1e3 ./delay-driver/btl_driver_delay.o
 .debug_abbrev  0x0000000000001373      0x2e5 ./emlib/em_gpio.o
 .debug_abbrev  0x0000000000001658      0x2d1 ./emlib/em_msc.o
 .debug_abbrev  0x0000000000001929      0x264 ./emlib/em_se.o
 .debug_abbrev  0x0000000000001b8d      0x165 ./emlib/em_system.o
 .debug_abbrev  0x0000000000001cf2      0x2df ./emlib/em_timer.o
 .debug_abbrev  0x0000000000001fd1      0x427 ./ezsp-spi/btl_ezsp_spi.o
 .debug_abbrev  0x00000000000023f8      0x1fa ./gpio-activation/btl_gpio_activation.o
 .debug_abbrev  0x00000000000025f2      0x3c5 ./mbedtls/se_aes.o
 .debug_abbrev  0x00000000000029b7      0x1b3 ./mbedtls/se_management.o
 .debug_abbrev  0x0000000000002b6a      0x2a9 ./mbedtls/se_sha.o
 .debug_abbrev  0x0000000000002e13      0x3f3 ./mbedtls/shax.o
 .debug_abbrev  0x0000000000003206      0x10a ./parser/btl_gbl_custom_tags.o
 .debug_abbrev  0x0000000000003310      0x180 ./parser/btl_image_parser.o
 .debug_abbrev  0x0000000000003490      0x372 ./spislave-driver/btl_driver_spislave.o
 .debug_abbrev  0x0000000000003802       0x8f ./token-management/btl_security_tokens.o
 .debug_abbrev  0x0000000000003891      0x140 ./xmodem-parser/btl_xmodem.o

.debug_loc      0x0000000000000000     0x4c66
 .debug_loc     0x0000000000000000      0x120 ./CMSIS/system_efr32mg21.o
 .debug_loc     0x0000000000000120       0x63 ./core/EFR32/gcc/main_btl_startup.o
 .debug_loc     0x0000000000000183       0xaa ./core/btl_driver_util.o
 .debug_loc     0x000000000000022d      0x29d ./core/btl_main.o
 .debug_loc     0x00000000000004ca      0x188 ./crc/btl_crc16.o
 .debug_loc     0x0000000000000652       0xb4 ./crc/btl_crc32.o
 .debug_loc     0x0000000000000706      0x401 ./crypto/btl_security_aes.o
 .debug_loc     0x0000000000000b07      0x16b ./crypto/btl_security_ecdsa.o
 .debug_loc     0x0000000000000c72      0x2d1 ./crypto/btl_security_sha256.o
 .debug_loc     0x0000000000000f43      0x125 ./delay-driver/btl_driver_delay.o
 .debug_loc     0x0000000000001068      0x527 ./emlib/em_gpio.o
 .debug_loc     0x000000000000158f      0x608 ./emlib/em_msc.o
 .debug_loc     0x0000000000001b97      0x76b ./emlib/em_se.o
 .debug_loc     0x0000000000002302       0x70 ./emlib/em_system.o
 .debug_loc     0x0000000000002372      0x403 ./emlib/em_timer.o
 .debug_loc     0x0000000000002775      0x52e ./ezsp-spi/btl_ezsp_spi.o
 .debug_loc     0x0000000000002ca3       0x90 ./gpio-activation/btl_gpio_activation.o
 .debug_loc     0x0000000000002d33      0xbb8 ./mbedtls/se_aes.o
 .debug_loc     0x00000000000038eb       0xff ./mbedtls/se_sha.o
 .debug_loc     0x00000000000039ea      0xc6e ./mbedtls/shax.o
 .debug_loc     0x0000000000004658       0x42 ./parser/btl_gbl_custom_tags.o
 .debug_loc     0x000000000000469a       0x21 ./parser/btl_image_parser.o
 .debug_loc     0x00000000000046bb      0x472 ./spislave-driver/btl_driver_spislave.o
 .debug_loc     0x0000000000004b2d      0x139 ./xmodem-parser/btl_xmodem.o

.debug_aranges  0x0000000000000000      0x708
 .debug_aranges
                0x0000000000000000       0x90 ./CMSIS/system_efr32mg21.o
 .debug_aranges
                0x0000000000000090       0x28 ./core/EFR32/gcc/main_btl_startup.o
 .debug_aranges
                0x00000000000000b8       0x20 ./core/btl_core.o
 .debug_aranges
                0x00000000000000d8       0x28 ./core/btl_driver_util.o
 .debug_aranges
                0x0000000000000100       0x38 ./core/btl_main.o
 .debug_aranges
                0x0000000000000138       0x28 ./crc/btl_crc16.o
 .debug_aranges
                0x0000000000000160       0x20 ./crc/btl_crc32.o
 .debug_aranges
                0x0000000000000180       0x40 ./crypto/btl_security_aes.o
 .debug_aranges
                0x00000000000001c0       0x20 ./crypto/btl_security_ecdsa.o
 .debug_aranges
                0x00000000000001e0       0x38 ./crypto/btl_security_sha256.o
 .debug_aranges
                0x0000000000000218       0x38 ./delay-driver/btl_driver_delay.o
 .debug_aranges
                0x0000000000000250       0x40 ./emlib/em_gpio.o
 .debug_aranges
                0x0000000000000290       0x58 ./emlib/em_msc.o
 .debug_aranges
                0x00000000000002e8       0xa8 ./emlib/em_se.o
 .debug_aranges
                0x0000000000000390       0x28 ./emlib/em_system.o
 .debug_aranges
                0x00000000000003b8       0x48 ./emlib/em_timer.o
 .debug_aranges
                0x0000000000000400       0x48 ./ezsp-spi/btl_ezsp_spi.o
 .debug_aranges
                0x0000000000000448       0x20 ./gpio-activation/btl_gpio_activation.o
 .debug_aranges
                0x0000000000000468       0x60 ./mbedtls/se_aes.o
 .debug_aranges
                0x00000000000004c8       0x28 ./mbedtls/se_management.o
 .debug_aranges
                0x00000000000004f0       0x20 ./mbedtls/se_sha.o
 .debug_aranges
                0x0000000000000510       0xc8 ./mbedtls/shax.o
 .debug_aranges
                0x00000000000005d8       0x28 ./parser/btl_gbl_custom_tags.o
 .debug_aranges
                0x0000000000000600       0x38 ./parser/btl_image_parser.o
 .debug_aranges
                0x0000000000000638       0x70 ./spislave-driver/btl_driver_spislave.o
 .debug_aranges
                0x00000000000006a8       0x30 ./token-management/btl_security_tokens.o
 .debug_aranges
                0x00000000000006d8       0x30 ./xmodem-parser/btl_xmodem.o

.debug_ranges   0x0000000000000000      0x9c8
 .debug_ranges  0x0000000000000000       0x80 ./CMSIS/system_efr32mg21.o
 .debug_ranges  0x0000000000000080       0x18 ./core/EFR32/gcc/main_btl_startup.o
 .debug_ranges  0x0000000000000098       0x10 ./core/btl_core.o
 .debug_ranges  0x00000000000000a8       0x18 ./core/btl_driver_util.o
 .debug_ranges  0x00000000000000c0       0x40 ./core/btl_main.o
 .debug_ranges  0x0000000000000100       0x18 ./crc/btl_crc16.o
 .debug_ranges  0x0000000000000118       0x10 ./crc/btl_crc32.o
 .debug_ranges  0x0000000000000128       0x30 ./crypto/btl_security_aes.o
 .debug_ranges  0x0000000000000158       0x10 ./crypto/btl_security_ecdsa.o
 .debug_ranges  0x0000000000000168       0x40 ./crypto/btl_security_sha256.o
 .debug_ranges  0x00000000000001a8       0x28 ./delay-driver/btl_driver_delay.o
 .debug_ranges  0x00000000000001d0      0x148 ./emlib/em_gpio.o
 .debug_ranges  0x0000000000000318       0x78 ./emlib/em_msc.o
 .debug_ranges  0x0000000000000390       0xe8 ./emlib/em_se.o
 .debug_ranges  0x0000000000000478       0x18 ./emlib/em_system.o
 .debug_ranges  0x0000000000000490       0x70 ./emlib/em_timer.o
 .debug_ranges  0x0000000000000500       0xf0 ./ezsp-spi/btl_ezsp_spi.o
 .debug_ranges  0x00000000000005f0       0x58 ./gpio-activation/btl_gpio_activation.o
 .debug_ranges  0x0000000000000648       0xe8 ./mbedtls/se_aes.o
 .debug_ranges  0x0000000000000730       0x18 ./mbedtls/se_management.o
 .debug_ranges  0x0000000000000748       0x10 ./mbedtls/se_sha.o
 .debug_ranges  0x0000000000000758      0x110 ./mbedtls/shax.o
 .debug_ranges  0x0000000000000868       0x18 ./parser/btl_gbl_custom_tags.o
 .debug_ranges  0x0000000000000880       0x28 ./parser/btl_image_parser.o
 .debug_ranges  0x00000000000008a8       0xe0 ./spislave-driver/btl_driver_spislave.o
 .debug_ranges  0x0000000000000988       0x20 ./token-management/btl_security_tokens.o
 .debug_ranges  0x00000000000009a8       0x20 ./xmodem-parser/btl_xmodem.o

.debug_macro    0x0000000000000000    0x3598a
 .debug_macro   0x0000000000000000      0x2ba ./CMSIS/system_efr32mg21.o
 .debug_macro   0x00000000000002ba      0xa90 ./CMSIS/system_efr32mg21.o
 .debug_macro   0x0000000000000d4a       0x22 ./CMSIS/system_efr32mg21.o
 .debug_macro   0x0000000000000d6c       0x4f ./CMSIS/system_efr32mg21.o
 .debug_macro   0x0000000000000dbb       0x51 ./CMSIS/system_efr32mg21.o
 .debug_macro   0x0000000000000e0c       0xef ./CMSIS/system_efr32mg21.o
 .debug_macro   0x0000000000000efb       0x6a ./CMSIS/system_efr32mg21.o
 .debug_macro   0x0000000000000f65      0x1df ./CMSIS/system_efr32mg21.o
 .debug_macro   0x0000000000001144      0x693 ./CMSIS/system_efr32mg21.o
 .debug_macro   0x00000000000017d7       0x1c ./CMSIS/system_efr32mg21.o
 .debug_macro   0x00000000000017f3       0x29 ./CMSIS/system_efr32mg21.o
 .debug_macro   0x000000000000181c       0xdf ./CMSIS/system_efr32mg21.o
 .debug_macro   0x00000000000018fb     0x1401 ./CMSIS/system_efr32mg21.o
 .debug_macro   0x0000000000002cfc       0x5e ./CMSIS/system_efr32mg21.o
 .debug_macro   0x0000000000002d5a      0xc3b ./CMSIS/system_efr32mg21.o
 .debug_macro   0x0000000000003995      0xa66 ./CMSIS/system_efr32mg21.o
 .debug_macro   0x00000000000043fb      0x813 ./CMSIS/system_efr32mg21.o
 .debug_macro   0x0000000000004c0e      0x301 ./CMSIS/system_efr32mg21.o
 .debug_macro   0x0000000000004f0f       0x34 ./CMSIS/system_efr32mg21.o
 .debug_macro   0x0000000000004f43      0x305 ./CMSIS/system_efr32mg21.o
 .debug_macro   0x0000000000005248      0x457 ./CMSIS/system_efr32mg21.o
 .debug_macro   0x000000000000569f      0x241 ./CMSIS/system_efr32mg21.o
 .debug_macro   0x00000000000058e0      0x157 ./CMSIS/system_efr32mg21.o
 .debug_macro   0x0000000000005a37      0x6e6 ./CMSIS/system_efr32mg21.o
 .debug_macro   0x000000000000611d      0x364 ./CMSIS/system_efr32mg21.o
 .debug_macro   0x0000000000006481     0x14e6 ./CMSIS/system_efr32mg21.o
 .debug_macro   0x0000000000007967       0x10 ./CMSIS/system_efr32mg21.o
 .debug_macro   0x0000000000007977      0x792 ./CMSIS/system_efr32mg21.o
 .debug_macro   0x0000000000008109     0x1fd8 ./CMSIS/system_efr32mg21.o
 .debug_macro   0x000000000000a0e1      0xcb2 ./CMSIS/system_efr32mg21.o
 .debug_macro   0x000000000000ad93       0x4c ./CMSIS/system_efr32mg21.o
 .debug_macro   0x000000000000addf     0x15b8 ./CMSIS/system_efr32mg21.o
 .debug_macro   0x000000000000c397     0x212d ./CMSIS/system_efr32mg21.o
 .debug_macro   0x000000000000e4c4      0x53c ./CMSIS/system_efr32mg21.o
 .debug_macro   0x000000000000ea00      0xfe5 ./CMSIS/system_efr32mg21.o
 .debug_macro   0x000000000000f9e5       0x10 ./CMSIS/system_efr32mg21.o
 .debug_macro   0x000000000000f9f5      0x7f0 ./CMSIS/system_efr32mg21.o
 .debug_macro   0x00000000000101e5       0x34 ./CMSIS/system_efr32mg21.o
 .debug_macro   0x0000000000010219      0x308 ./CMSIS/system_efr32mg21.o
 .debug_macro   0x0000000000010521      0x63d ./CMSIS/system_efr32mg21.o
 .debug_macro   0x0000000000010b5e      0x80b ./CMSIS/system_efr32mg21.o
 .debug_macro   0x0000000000011369     0x12a1 ./CMSIS/system_efr32mg21.o
 .debug_macro   0x000000000001260a      0x76c ./CMSIS/system_efr32mg21.o
 .debug_macro   0x0000000000012d76      0x8f3 ./CMSIS/system_efr32mg21.o
 .debug_macro   0x0000000000013669     0x132d ./CMSIS/system_efr32mg21.o
 .debug_macro   0x0000000000014996      0xd93 ./CMSIS/system_efr32mg21.o
 .debug_macro   0x0000000000015729      0x689 ./CMSIS/system_efr32mg21.o
 .debug_macro   0x0000000000015db2      0x426 ./CMSIS/system_efr32mg21.o
 .debug_macro   0x00000000000161d8      0x3c4 ./CMSIS/system_efr32mg21.o
 .debug_macro   0x000000000001659c     0x243d ./CMSIS/system_efr32mg21.o
 .debug_macro   0x00000000000189d9     0x12c4 ./CMSIS/system_efr32mg21.o
 .debug_macro   0x0000000000019c9d      0x31a ./CMSIS/system_efr32mg21.o
 .debug_macro   0x0000000000019fb7     0x4b42 ./CMSIS/system_efr32mg21.o
 .debug_macro   0x000000000001eaf9     0x151e ./CMSIS/system_efr32mg21.o
 .debug_macro   0x0000000000020017     0x217a ./CMSIS/system_efr32mg21.o
 .debug_macro   0x0000000000022191     0x77cd ./CMSIS/system_efr32mg21.o
 .debug_macro   0x000000000002995e     0x1441 ./CMSIS/system_efr32mg21.o
 .debug_macro   0x000000000002ad9f     0x19a1 ./CMSIS/system_efr32mg21.o
 .debug_macro   0x000000000002c740      0x346 ./CMSIS/system_efr32mg21.o
 .debug_macro   0x000000000002ca86      0xfd2 ./CMSIS/system_efr32mg21.o
 .debug_macro   0x000000000002da58      0x2f3 ./core/EFR32/gcc/main_btl_startup.o
 .debug_macro   0x000000000002dd4b      0x16d ./core/EFR32/gcc/main_btl_startup.o
 .debug_macro   0x000000000002deb8      0x212 ./core/EFR32/gcc/main_btl_startup.o
 .debug_macro   0x000000000002e0ca       0x58 ./core/EFR32/gcc/main_btl_startup.o
 .debug_macro   0x000000000002e122       0x81 ./core/EFR32/gcc/main_btl_startup.o
 .debug_macro   0x000000000002e1a3       0x22 ./core/EFR32/gcc/main_btl_startup.o
 .debug_macro   0x000000000002e1c5       0x3c ./core/EFR32/gcc/main_btl_startup.o
 .debug_macro   0x000000000002e201       0x90 ./core/EFR32/gcc/main_btl_startup.o
 .debug_macro   0x000000000002e291      0x355 ./core/btl_core.o
 .debug_macro   0x000000000002e5e6       0x1c ./core/btl_core.o
 .debug_macro   0x000000000002e602       0x18 ./core/btl_core.o
 .debug_macro   0x000000000002e61a      0x134 ./core/btl_core.o
 .debug_macro   0x000000000002e74e       0x1c ./core/btl_core.o
 .debug_macro   0x000000000002e76a       0x10 ./core/btl_core.o
 .debug_macro   0x000000000002e77a       0xd6 ./core/btl_core.o
 .debug_macro   0x000000000002e850      0x1c0 ./core/btl_core.o
 .debug_macro   0x000000000002ea10      0x13d ./core/btl_core.o
 .debug_macro   0x000000000002eb4d      0x2e0 ./core/btl_driver_util.o
 .debug_macro   0x000000000002ee2d       0xeb ./core/btl_driver_util.o
 .debug_macro   0x000000000002ef18       0xdc ./core/btl_driver_util.o
 .debug_macro   0x000000000002eff4       0x69 ./core/btl_driver_util.o
 .debug_macro   0x000000000002f05d       0x57 ./core/btl_driver_util.o
 .debug_macro   0x000000000002f0b4      0x51b ./core/btl_main.o
 .debug_macro   0x000000000002f5cf       0x2a ./core/btl_main.o
 .debug_macro   0x000000000002f5f9       0x28 ./core/btl_main.o
 .debug_macro   0x000000000002f621       0x10 ./core/btl_main.o
 .debug_macro   0x000000000002f631      0x284 ./core/btl_main.o
 .debug_macro   0x000000000002f8b5       0x97 ./core/btl_main.o
 .debug_macro   0x000000000002f94c      0x37a ./core/btl_main.o
 .debug_macro   0x000000000002fcc6       0x58 ./core/btl_main.o
 .debug_macro   0x000000000002fd1e      0x34d ./core/btl_main.o
 .debug_macro   0x000000000003006b       0x25 ./core/btl_main.o
 .debug_macro   0x0000000000030090       0xee ./core/btl_main.o
 .debug_macro   0x000000000003017e       0x19 ./core/btl_main.o
 .debug_macro   0x0000000000030197       0x28 ./core/btl_main.o
 .debug_macro   0x00000000000301bf       0x18 ./core/btl_main.o
 .debug_macro   0x00000000000301d7       0x12 ./core/btl_main.o
 .debug_macro   0x00000000000301e9       0x12 ./core/btl_main.o
 .debug_macro   0x00000000000301fb       0x40 ./core/btl_main.o
 .debug_macro   0x000000000003023b       0x7c ./crc/btl_crc16.o
 .debug_macro   0x00000000000302b7      0x2a2 ./crc/btl_crc32.o
 .debug_macro   0x0000000000030559       0x10 ./crc/btl_crc32.o
 .debug_macro   0x0000000000030569      0x54d ./crypto/btl_security_aes.o
 .debug_macro   0x0000000000030ab6       0x17 ./crypto/btl_security_aes.o
 .debug_macro   0x0000000000030acd       0x35 ./crypto/btl_security_aes.o
 .debug_macro   0x0000000000030b02       0x9c ./crypto/btl_security_aes.o
 .debug_macro   0x0000000000030b9e       0x58 ./crypto/btl_security_aes.o
 .debug_macro   0x0000000000030bf6       0x1f ./crypto/btl_security_aes.o
 .debug_macro   0x0000000000030c15       0x43 ./crypto/btl_security_aes.o
 .debug_macro   0x0000000000030c58       0x20 ./crypto/btl_security_aes.o
 .debug_macro   0x0000000000030c78      0x18e ./crypto/btl_security_aes.o
 .debug_macro   0x0000000000030e06       0x10 ./crypto/btl_security_aes.o
 .debug_macro   0x0000000000030e16       0x35 ./crypto/btl_security_aes.o
 .debug_macro   0x0000000000030e4b       0x3a ./crypto/btl_security_aes.o
 .debug_macro   0x0000000000030e85       0x1c ./crypto/btl_security_aes.o
 .debug_macro   0x0000000000030ea1       0x10 ./crypto/btl_security_aes.o
 .debug_macro   0x0000000000030eb1       0x10 ./crypto/btl_security_aes.o
 .debug_macro   0x0000000000030ec1       0xb6 ./crypto/btl_security_aes.o
 .debug_macro   0x0000000000030f77       0x16 ./crypto/btl_security_aes.o
 .debug_macro   0x0000000000030f8d      0x129 ./crypto/btl_security_aes.o
 .debug_macro   0x00000000000310b6      0x36f ./crypto/btl_security_ecdsa.o
 .debug_macro   0x0000000000031425       0x10 ./crypto/btl_security_ecdsa.o
 .debug_macro   0x0000000000031435      0x3b0 ./crypto/btl_security_sha256.o
 .debug_macro   0x00000000000317e5      0x2f9 ./delay-driver/btl_driver_delay.o
 .debug_macro   0x0000000000031ade       0x7f ./delay-driver/btl_driver_delay.o
 .debug_macro   0x0000000000031b5d      0x2c1 ./emlib/em_gpio.o
 .debug_macro   0x0000000000031e1e      0x36e ./emlib/em_msc.o
 .debug_macro   0x000000000003218c       0x34 ./emlib/em_msc.o
 .debug_macro   0x00000000000321c0       0x42 ./emlib/em_msc.o
 .debug_macro   0x0000000000032202       0xc0 ./emlib/em_msc.o
 .debug_macro   0x00000000000322c2      0x2c6 ./emlib/em_se.o
 .debug_macro   0x0000000000032588      0x2af ./emlib/em_system.o
 .debug_macro   0x0000000000032837      0x2c7 ./emlib/em_timer.o
 .debug_macro   0x0000000000032afe       0x79 ./emlib/em_timer.o
 .debug_macro   0x0000000000032b77      0x59c ./ezsp-spi/btl_ezsp_spi.o
 .debug_macro   0x0000000000033113       0x34 ./ezsp-spi/btl_ezsp_spi.o
 .debug_macro   0x0000000000033147       0xbe ./ezsp-spi/btl_ezsp_spi.o
 .debug_macro   0x0000000000033205       0x2b ./ezsp-spi/btl_ezsp_spi.o
 .debug_macro   0x0000000000033230      0x361 ./gpio-activation/btl_gpio_activation.o
 .debug_macro   0x0000000000033591      0x435 ./mbedtls/se_aes.o
 .debug_macro   0x00000000000339c6       0x16 ./mbedtls/se_aes.o
 .debug_macro   0x00000000000339dc      0x40a ./mbedtls/se_management.o
 .debug_macro   0x0000000000033de6       0x1c ./mbedtls/se_management.o
 .debug_macro   0x0000000000033e02      0x45a ./mbedtls/se_sha.o
 .debug_macro   0x000000000003425c       0x26 ./mbedtls/se_sha.o
 .debug_macro   0x0000000000034282      0x442 ./mbedtls/shax.o
 .debug_macro   0x00000000000346c4      0x3b7 ./parser/btl_gbl_custom_tags.o
 .debug_macro   0x0000000000034a7b      0x354 ./parser/btl_image_parser.o
 .debug_macro   0x0000000000034dcf      0x3d0 ./spislave-driver/btl_driver_spislave.o
 .debug_macro   0x000000000003519f       0xf1 ./spislave-driver/btl_driver_spislave.o
 .debug_macro   0x0000000000035290       0xc0 ./spislave-driver/btl_driver_spislave.o
 .debug_macro   0x0000000000035350      0x2a6 ./token-management/btl_security_tokens.o
 .debug_macro   0x00000000000355f6      0x394 ./xmodem-parser/btl_xmodem.o

.debug_line     0x0000000000000000    0x173f9
 .debug_line    0x0000000000000000      0xa85 ./CMSIS/system_efr32mg21.o
 .debug_line    0x0000000000000a85      0xaa2 ./core/EFR32/gcc/main_btl_startup.o
 .debug_line    0x0000000000001527      0xe39 ./core/btl_core.o
 .debug_line    0x0000000000002360      0xa6f ./core/btl_driver_util.o
 .debug_line    0x0000000000002dcf     0x170b ./core/btl_main.o
 .debug_line    0x00000000000044da      0x3ee ./crc/btl_crc16.o
 .debug_line    0x00000000000048c8      0x96f ./crc/btl_crc32.o
 .debug_line    0x0000000000005237     0x138a ./crypto/btl_security_aes.o
 .debug_line    0x00000000000065c1      0xb90 ./crypto/btl_security_ecdsa.o
 .debug_line    0x0000000000007151      0xf10 ./crypto/btl_security_sha256.o
 .debug_line    0x0000000000008061      0xadc ./delay-driver/btl_driver_delay.o
 .debug_line    0x0000000000008b3d      0xb11 ./emlib/em_gpio.o
 .debug_line    0x000000000000964e      0xba6 ./emlib/em_msc.o
 .debug_line    0x000000000000a1f4      0xc56 ./emlib/em_se.o
 .debug_line    0x000000000000ae4a      0xa1d ./emlib/em_system.o
 .debug_line    0x000000000000b867      0xb4f ./emlib/em_timer.o
 .debug_line    0x000000000000c3b6     0x1a9b ./ezsp-spi/btl_ezsp_spi.o
 .debug_line    0x000000000000de51      0xe9c ./gpio-activation/btl_gpio_activation.o
 .debug_line    0x000000000000eced     0x1045 ./mbedtls/se_aes.o
 .debug_line    0x000000000000fd32      0xdde ./mbedtls/se_management.o
 .debug_line    0x0000000000010b10      0xe2e ./mbedtls/se_sha.o
 .debug_line    0x000000000001193e      0xfe4 ./mbedtls/shax.o
 .debug_line    0x0000000000012922     0x10d6 ./parser/btl_gbl_custom_tags.o
 .debug_line    0x00000000000139f8      0xe7c ./parser/btl_image_parser.o
 .debug_line    0x0000000000014874     0x111a ./spislave-driver/btl_driver_spislave.o
 .debug_line    0x000000000001598e      0x989 ./token-management/btl_security_tokens.o
 .debug_line    0x0000000000016317     0x10e2 ./xmodem-parser/btl_xmodem.o

.debug_str      0x0000000000000000   0x150196
 .debug_str     0x0000000000000000   0x1396de ./CMSIS/system_efr32mg21.o
                                     0x139b93 (size before relaxing)
 .debug_str     0x00000000001396de     0x2a69 ./core/EFR32/gcc/main_btl_startup.o
                                     0x13bb4c (size before relaxing)
 .debug_str     0x000000000013c147     0x1da6 ./core/btl_core.o
                                     0x13d23e (size before relaxing)
 .debug_str     0x000000000013deed     0x1b92 ./core/btl_driver_util.o
                                     0x13bbe5 (size before relaxing)
 .debug_str     0x000000000013fa7f     0x44fa ./core/btl_main.o
                                     0x14280b (size before relaxing)
 .debug_str     0x0000000000143f79      0x106 ./crc/btl_crc16.o
                                       0x40f6 (size before relaxing)
 .debug_str     0x000000000014407f      0x276 ./crc/btl_crc32.o
                                     0x13964d (size before relaxing)
 .debug_str     0x00000000001442f5     0x2054 ./crypto/btl_security_aes.o
                                     0x142e71 (size before relaxing)
 .debug_str     0x0000000000146349      0x2cf ./crypto/btl_security_ecdsa.o
                                     0x13e738 (size before relaxing)
 .debug_str     0x0000000000146618      0x16c ./crypto/btl_security_sha256.o
                                     0x13e215 (size before relaxing)
 .debug_str     0x0000000000146784      0x8f8 ./delay-driver/btl_driver_delay.o
                                     0x13b0bb (size before relaxing)
 .debug_str     0x000000000014707c      0x3ff ./emlib/em_gpio.o
                                     0x13a7d8 (size before relaxing)
 .debug_str     0x000000000014747b     0x1659 ./emlib/em_msc.o
                                     0x13b9cf (size before relaxing)
 .debug_str     0x0000000000148ad4      0x40c ./emlib/em_se.o
                                     0x13a7fa (size before relaxing)
 .debug_str     0x0000000000148ee0       0xeb ./emlib/em_system.o
                                     0x139946 (size before relaxing)
 .debug_str     0x0000000000148fcb     0x2308 ./emlib/em_timer.o
                                     0x13bdd4 (size before relaxing)
 .debug_str     0x000000000014b2d3      0xb6b ./ezsp-spi/btl_ezsp_spi.o
                                     0x144811 (size before relaxing)
 .debug_str     0x000000000014be3e       0xd1 ./gpio-activation/btl_gpio_activation.o
                                     0x13ddea (size before relaxing)
 .debug_str     0x000000000014bf0f      0x224 ./mbedtls/se_aes.o
                                     0x13ef8d (size before relaxing)
 .debug_str     0x000000000014c133      0x150 ./mbedtls/se_management.o
                                     0x13ed63 (size before relaxing)
 .debug_str     0x000000000014c283      0x27c ./mbedtls/se_sha.o
                                     0x13e6c9 (size before relaxing)
 .debug_str     0x000000000014c4ff      0x328 ./mbedtls/shax.o
                                     0x13e793 (size before relaxing)
 .debug_str     0x000000000014c827      0x164 ./parser/btl_gbl_custom_tags.o
                                     0x13d8f6 (size before relaxing)
 .debug_str     0x000000000014c98b      0x12d ./parser/btl_image_parser.o
                                     0x13d944 (size before relaxing)
 .debug_str     0x000000000014cab8     0x3476 ./spislave-driver/btl_driver_spislave.o
                                     0x142b99 (size before relaxing)
 .debug_str     0x000000000014ff2e      0x19a ./token-management/btl_security_tokens.o
                                     0x139198 (size before relaxing)
 .debug_str     0x00000000001500c8       0xce ./xmodem-parser/btl_xmodem.o
                                     0x13d7c2 (size before relaxing)

.debug_frame    0x0000000000000000      0xfa4
 .debug_frame   0x0000000000000000      0x108 ./CMSIS/system_efr32mg21.o
 .debug_frame   0x0000000000000108       0x38 ./core/EFR32/gcc/main_btl_startup.o
 .debug_frame   0x0000000000000140       0x30 ./core/btl_core.o
 .debug_frame   0x0000000000000170       0x44 ./core/btl_driver_util.o
 .debug_frame   0x00000000000001b4       0x6c ./core/btl_main.o
 .debug_frame   0x0000000000000220       0x3c ./crc/btl_crc16.o
 .debug_frame   0x000000000000025c       0x2c ./crc/btl_crc32.o
 .debug_frame   0x0000000000000288       0x8c ./crypto/btl_security_aes.o
 .debug_frame   0x0000000000000314       0x40 ./crypto/btl_security_ecdsa.o
 .debug_frame   0x0000000000000354       0x64 ./crypto/btl_security_sha256.o
 .debug_frame   0x00000000000003b8       0x6c ./delay-driver/btl_driver_delay.o
 .debug_frame   0x0000000000000424       0x7c ./emlib/em_gpio.o
 .debug_frame   0x00000000000004a0       0xec ./emlib/em_msc.o
 .debug_frame   0x000000000000058c      0x200 ./emlib/em_se.o
 .debug_frame   0x000000000000078c       0x30 ./emlib/em_system.o
 .debug_frame   0x00000000000007bc       0xa8 ./emlib/em_timer.o
 .debug_frame   0x0000000000000864       0xc0 ./ezsp-spi/btl_ezsp_spi.o
 .debug_frame   0x0000000000000924       0x30 ./gpio-activation/btl_gpio_activation.o
 .debug_frame   0x0000000000000954      0x154 ./mbedtls/se_aes.o
 .debug_frame   0x0000000000000aa8       0x30 ./mbedtls/se_management.o
 .debug_frame   0x0000000000000ad8       0x3c ./mbedtls/se_sha.o
 .debug_frame   0x0000000000000b14      0x1f8 ./mbedtls/shax.o
 .debug_frame   0x0000000000000d0c       0x30 ./parser/btl_gbl_custom_tags.o
 .debug_frame   0x0000000000000d3c       0x60 ./parser/btl_image_parser.o
 .debug_frame   0x0000000000000d9c      0x108 ./spislave-driver/btl_driver_spislave.o
 .debug_frame   0x0000000000000ea4       0x40 ./token-management/btl_security_tokens.o
 .debug_frame   0x0000000000000ee4       0x4c ./xmodem-parser/btl_xmodem.o
 .debug_frame   0x0000000000000f30       0x2c /Users/clfilho/projects/Simplicity Studio 04-19/Simplicity Studio.app/Contents/Eclipse/developer/toolchains/gnu_arm/7.2_2017q4/bin/../lib/gcc/arm-none-eabi/7.2.1/../../../../arm-none-eabi/lib/thumb/v8-m.main/fpv5-sp/softfp/libc_nano.a(lib_a-memcmp.o)
 .debug_frame   0x0000000000000f5c       0x28 /Users/clfilho/projects/Simplicity Studio 04-19/Simplicity Studio.app/Contents/Eclipse/developer/toolchains/gnu_arm/7.2_2017q4/bin/../lib/gcc/arm-none-eabi/7.2.1/../../../../arm-none-eabi/lib/thumb/v8-m.main/fpv5-sp/softfp/libc_nano.a(lib_a-memcpy-stub.o)
 .debug_frame   0x0000000000000f84       0x20 /Users/clfilho/projects/Simplicity Studio 04-19/Simplicity Studio.app/Contents/Eclipse/developer/toolchains/gnu_arm/7.2_2017q4/bin/../lib/gcc/arm-none-eabi/7.2.1/../../../../arm-none-eabi/lib/thumb/v8-m.main/fpv5-sp/softfp/libc_nano.a(lib_a-memset.o)
